#
# There is insufficient memory for the Java Runtime Environment to continue.
# Native memory allocation (mmap) failed to map 104857600 bytes for G1 virtual space
# Possible reasons:
#   The system is out of physical RAM or swap space
#   The process is running with CompressedOops enabled, and the Java Heap may be blocking the growth of the native heap
# Possible solutions:
#   Reduce memory load on the system
#   Increase physical memory or swap space
#   Check if swap backing store is full
#   Decrease Java heap size (-Xmx/-Xms)
#   Decrease number of Java threads
#   Decrease Java thread stack sizes (-Xss)
#   Set larger code cache with -XX:ReservedCodeCacheSize=
#   JVM is running with Zero Based Compressed Oops mode in which the Java heap is
#     placed in the first 32GB address space. The Java Heap base address is the
#     maximum limit for the native heap growth. Please use -XX:HeapBaseMinAddress
#     to set the Java Heap base and to place the Java Heap above 32GB virtual address.
# This output file may be truncated or incomplete.
#
#  Out of Memory Error (os_windows.cpp:3527), pid=48972, tid=25380
#
# JRE version: Java(TM) SE Runtime Environment (19.0.1+10) (build 19.0.1+10-21)
# Java VM: Java HotSpot(TM) 64-Bit Server VM (19.0.1+10-21, mixed mode, emulated-client, sharing, tiered, compressed oops, compressed class ptrs, g1 gc, windows-amd64)
# No core dump will be written. Minidumps are not enabled by default on client versions of Windows
#

---------------  S U M M A R Y ------------

Command Line: -XX:TieredStopAtLevel=1 com.bleizing.pos.PosApplication

Host: 11th Gen Intel(R) Core(TM) i7-1165G7 @ 2.80GHz, 8 cores, 15G,  Windows 11 , 64 bit Build 26100 (10.0.26100.7019)
Time: Fri Dec 12 09:19:50 2025 SE Asia Standard Time elapsed time: 11.748147 seconds (0d 0h 0m 11s)

---------------  T H R E A D  ---------------

Current thread (0x00000233ac2cb3a0):  VMThread "VM Thread" [stack: 0x0000007b1b200000,0x0000007b1b300000] [id=25380]

Stack: [0x0000007b1b200000,0x0000007b1b300000]
Native frames: (J=compiled Java code, j=interpreted, Vv=VM code, C=native code)
V  [jvm.dll+0x6ee8fa]
V  [jvm.dll+0x857a1e]
V  [jvm.dll+0x85940e]
V  [jvm.dll+0x859ac3]
V  [jvm.dll+0x28291f]
V  [jvm.dll+0x6eb6e9]
V  [jvm.dll+0x6e028a]
V  [jvm.dll+0x357136]
V  [jvm.dll+0x35eb96]
V  [jvm.dll+0x3b555e]
V  [jvm.dll+0x3b578f]
V  [jvm.dll+0x32c6ea]
V  [jvm.dll+0x32c797]
V  [jvm.dll+0x374b52]
V  [jvm.dll+0x37328f]
V  [jvm.dll+0x32bf10]
V  [jvm.dll+0x37282b]
V  [jvm.dll+0x85ef83]
V  [jvm.dll+0x85fd49]
V  [jvm.dll+0x86027d]
V  [jvm.dll+0x86070b]
V  [jvm.dll+0x8607c7]
V  [jvm.dll+0x8015fa]
V  [jvm.dll+0x6ed5eb]
C  [ucrtbase.dll+0x37b0]
C  [KERNEL32.DLL+0x2e8d7]
C  [ntdll.dll+0x8c53c]

VM_Operation (0x0000007b1acfca20): G1CollectForAllocation, mode: safepoint, requested by thread 0x000002339588f690


---------------  P R O C E S S  ---------------

Threads class SMR info:
_java_thread_list=0x00000233b14d0ea0, length=30, elements={
0x000002339588f690, 0x00000233b0c063c0, 0x00000233b0c06fe0, 0x00000233b0c0ba20,
0x00000233b0c0c440, 0x00000233b0c0ce60, 0x00000233b0c0d880, 0x00000233b0c18810,
0x00000233b0c45d70, 0x00000233b0da67d0, 0x00000233b0dcf5e0, 0x00000233b0dd33a0,
0x00000233b260b030, 0x00000233b276e5c0, 0x00000233b260b570, 0x00000233b2677020,
0x00000233b260bab0, 0x00000233b2727b30, 0x00000233b27285d0, 0x00000233b27275e0,
0x00000233b27295c0, 0x00000233b27260a0, 0x00000233b2728080, 0x00000233b2726b40,
0x00000233b2728b20, 0x00000233b2727090, 0x00000233b27265f0, 0x00000233b2729070,
0x00000233b16645e0, 0x00000233b370f580
}

Java Threads: ( => current thread )
  0x000002339588f690 JavaThread "main" [_thread_blocked, id=34296, stack(0x0000007b1ac00000,0x0000007b1ad00000)]
  0x00000233b0c063c0 JavaThread "Reference Handler" daemon [_thread_blocked, id=32932, stack(0x0000007b1b300000,0x0000007b1b400000)]
  0x00000233b0c06fe0 JavaThread "Finalizer" daemon [_thread_blocked, id=12436, stack(0x0000007b1b400000,0x0000007b1b500000)]
  0x00000233b0c0ba20 JavaThread "Signal Dispatcher" daemon [_thread_blocked, id=17524, stack(0x0000007b1b500000,0x0000007b1b600000)]
  0x00000233b0c0c440 JavaThread "Attach Listener" daemon [_thread_blocked, id=15004, stack(0x0000007b1b600000,0x0000007b1b700000)]
  0x00000233b0c0ce60 JavaThread "Service Thread" daemon [_thread_blocked, id=41940, stack(0x0000007b1b700000,0x0000007b1b800000)]
  0x00000233b0c0d880 JavaThread "Monitor Deflation Thread" daemon [_thread_blocked, id=39080, stack(0x0000007b1b800000,0x0000007b1b900000)]
  0x00000233b0c18810 JavaThread "C1 CompilerThread0" daemon [_thread_blocked, id=43924, stack(0x0000007b1b900000,0x0000007b1ba00000)]
  0x00000233b0c45d70 JavaThread "Sweeper thread" daemon [_thread_blocked, id=41732, stack(0x0000007b1ba00000,0x0000007b1bb00000)]
  0x00000233b0da67d0 JavaThread "C1 CompilerThread1" daemon [_thread_blocked, id=46396, stack(0x0000007b1bb00000,0x0000007b1bc00000)]
  0x00000233b0dcf5e0 JavaThread "Notification Thread" daemon [_thread_blocked, id=21628, stack(0x0000007b1bd00000,0x0000007b1be00000)]
  0x00000233b0dd33a0 JavaThread "Common-Cleaner" daemon [_thread_blocked, id=13836, stack(0x0000007b1bf00000,0x0000007b1c000000)]
  0x00000233b260b030 JavaThread "Catalina-utility-1" [_thread_blocked, id=8372, stack(0x0000007b1c700000,0x0000007b1c800000)]
  0x00000233b276e5c0 JavaThread "Catalina-utility-2" [_thread_blocked, id=22236, stack(0x0000007b1ca00000,0x0000007b1cb00000)]
  0x00000233b260b570 JavaThread "http-nio-8080-exec-1" daemon [_thread_blocked, id=39068, stack(0x0000007b1cb00000,0x0000007b1cc00000)]
  0x00000233b2677020 JavaThread "http-nio-8080-exec-2" daemon [_thread_blocked, id=45860, stack(0x0000007b1cc00000,0x0000007b1cd00000)]
  0x00000233b260bab0 JavaThread "http-nio-8080-exec-3" daemon [_thread_blocked, id=1552, stack(0x0000007b1cd00000,0x0000007b1ce00000)]
  0x00000233b2727b30 JavaThread "http-nio-8080-exec-4" daemon [_thread_blocked, id=25916, stack(0x0000007b1ce00000,0x0000007b1cf00000)]
  0x00000233b27285d0 JavaThread "http-nio-8080-exec-5" daemon [_thread_blocked, id=14484, stack(0x0000007b1cf00000,0x0000007b1d000000)]
  0x00000233b27275e0 JavaThread "http-nio-8080-exec-6" daemon [_thread_blocked, id=44812, stack(0x0000007b1d000000,0x0000007b1d100000)]
  0x00000233b27295c0 JavaThread "http-nio-8080-exec-7" daemon [_thread_blocked, id=49932, stack(0x0000007b1d100000,0x0000007b1d200000)]
  0x00000233b27260a0 JavaThread "http-nio-8080-exec-8" daemon [_thread_blocked, id=34080, stack(0x0000007b1d200000,0x0000007b1d300000)]
  0x00000233b2728080 JavaThread "http-nio-8080-exec-9" daemon [_thread_blocked, id=35292, stack(0x0000007b1d300000,0x0000007b1d400000)]
  0x00000233b2726b40 JavaThread "http-nio-8080-exec-10" daemon [_thread_blocked, id=49348, stack(0x0000007b1d400000,0x0000007b1d500000)]
  0x00000233b2728b20 JavaThread "container-0" [_thread_blocked, id=49684, stack(0x0000007b1d500000,0x0000007b1d600000)]
  0x00000233b2727090 JavaThread "PostgreSQL-JDBC-Cleaner" daemon [_thread_blocked, id=11784, stack(0x0000007b1bc00000,0x0000007b1bd00000)]
  0x00000233b27265f0 JavaThread "HikariPool-1 housekeeper" daemon [_thread_blocked, id=20224, stack(0x0000007b1c600000,0x0000007b1c700000)]
  0x00000233b2729070 JavaThread "HikariPool-1 connection adder" daemon [_thread_in_native, id=41020, stack(0x0000007b1d700000,0x0000007b1d800000)]
  0x00000233b16645e0 JavaThread "C1 CompilerThread2" daemon [_thread_blocked, id=8472, stack(0x0000007b1d800000,0x0000007b1d900000)]
  0x00000233b370f580 JavaThread "lettuce-timer-3-1" daemon [_thread_blocked, id=41088, stack(0x0000007b1d900000,0x0000007b1da00000)]

Other Threads:
=>0x00000233ac2cb3a0 VMThread "VM Thread" [stack: 0x0000007b1b200000,0x0000007b1b300000] [id=25380]
  0x00000233b0dd1f30 WatcherThread "VM Periodic Task Thread" [stack: 0x0000007b1be00000,0x0000007b1bf00000] [id=42524]
  0x000002339590c820 WorkerThread "GC Thread#0" [stack: 0x0000007b1ad00000,0x0000007b1ae00000] [id=44332]
  0x00000233b17d7bc0 WorkerThread "GC Thread#1" [stack: 0x0000007b1c000000,0x0000007b1c100000] [id=38016]
  0x00000233b177b350 WorkerThread "GC Thread#2" [stack: 0x0000007b1c100000,0x0000007b1c200000] [id=48968]
  0x00000233b176a120 WorkerThread "GC Thread#3" [stack: 0x0000007b1c200000,0x0000007b1c300000] [id=32772]
  0x00000233b176a3f0 WorkerThread "GC Thread#4" [stack: 0x0000007b1c300000,0x0000007b1c400000] [id=27800]
  0x00000233b17a6480 WorkerThread "GC Thread#5" [stack: 0x0000007b1c400000,0x0000007b1c500000] [id=37952]
  0x00000233b17a5c10 WorkerThread "GC Thread#6" [stack: 0x0000007b1c500000,0x0000007b1c600000] [id=38532]
  0x00000233b17a50d0 WorkerThread "GC Thread#7" [stack: 0x0000007b1c800000,0x0000007b1c900000] [id=40320]
  0x000002339591d2c0 ConcurrentGCThread "G1 Main Marker" [stack: 0x0000007b1ae00000,0x0000007b1af00000] [id=26464]
  0x000002339591fb70 WorkerThread "G1 Conc#0" [stack: 0x0000007b1af00000,0x0000007b1b000000] [id=38116]
  0x00000233b17a53a0 WorkerThread "G1 Conc#1" [stack: 0x0000007b1c900000,0x0000007b1ca00000] [id=37720]
  0x000002339593e8c0 ConcurrentGCThread "G1 Refine#0" [stack: 0x0000007b1b000000,0x0000007b1b100000] [id=48384]
  0x00000233ac181450 ConcurrentGCThread "G1 Service" [stack: 0x0000007b1b100000,0x0000007b1b200000] [id=46820]

Threads with active compile tasks:

VM state: at safepoint (normal execution)

VM Mutex/Monitor currently owned by a thread:  ([mutex/lock_event])
[0x000002339588eb10] Threads_lock - owner thread: 0x00000233ac2cb3a0
[0x000002339588e450] Heap_lock - owner thread: 0x000002339588f690

Heap address: 0x0000000704c00000, size: 4020 MB, Compressed Oops mode: Zero based, Oop shift amount: 3

CDS archive(s) mapped at: [0x0000000800000000-0x0000000800c40000-0x0000000800c40000), size 12845056, SharedBaseAddress: 0x0000000800000000, ArchiveRelocationMode: 0.
Compressed class space mapped at: 0x0000000801000000-0x0000000841000000, reserved size: 1073741824
Narrow klass base: 0x0000000800000000, Narrow klass shift: 0, Narrow klass range: 0x100000000

GC Precious Log:
 CardTable entry size: 512
 Card Set container configuration: InlinePtr #cards 4 size 8 Array Of Cards #cards 16 size 48 Howl #buckets 8 coarsen threshold 3686 Howl Bitmap #cards 512 size 80 coarsen threshold 460 Card regions per heap region 1 cards per card region 4096
 CPUs: 8 total, 8 available
 Memory: 16078M
 Large Page Support: Disabled
 NUMA Support: Disabled
 Compressed Oops: Enabled (Zero based)
 Heap Region Size: 2M
 Heap Min Capacity: 8M
 Heap Initial Capacity: 252M
 Heap Max Capacity: 4020M
 Pre-touch: Disabled
 Parallel Workers: 8
 Concurrent Workers: 2
 Concurrent Refinement Workers: 8
 Periodic GC: Disabled

Heap:
 garbage-first heap   total 258048K, used 88933K [0x0000000704c00000, 0x0000000800000000)
  region size 2048K, 1 young (2048K), 1 survivors (2048K)
 Metaspace       used 79266K, committed 80064K, reserved 1179648K
  class space    used 10777K, committed 11200K, reserved 1048576K

Heap Regions: E=young(eden), S=young(survivor), O=old, HS=humongous(starts), HC=humongous(continues), CS=collection set, F=free, OA=open archive, CA=closed archive, TAMS=top-at-mark-start (previous, next)
|   0|0x0000000704c00000, 0x0000000704e00000, 0x0000000704e00000|100%| O|  |TAMS 0x0000000704e00000, 0x0000000704c00000| Untracked 
|   1|0x0000000704e00000, 0x0000000705000000, 0x0000000705000000|100%| O|  |TAMS 0x0000000705000000, 0x0000000704e00000| Untracked 
|   2|0x0000000705000000, 0x0000000705200000, 0x0000000705200000|100%| O|  |TAMS 0x0000000705200000, 0x0000000705000000| Untracked 
|   3|0x0000000705200000, 0x0000000705400000, 0x0000000705400000|100%| O|  |TAMS 0x0000000705400000, 0x0000000705200000| Untracked 
|   4|0x0000000705400000, 0x0000000705600000, 0x0000000705600000|100%| O|  |TAMS 0x0000000705600000, 0x0000000705400000| Untracked 
|   5|0x0000000705600000, 0x0000000705800000, 0x0000000705800000|100%| O|  |TAMS 0x0000000705800000, 0x0000000705600000| Untracked 
|   6|0x0000000705800000, 0x0000000705a00000, 0x0000000705a00000|100%| O|  |TAMS 0x0000000705a00000, 0x0000000705800000| Untracked 
|   7|0x0000000705a00000, 0x0000000705c00000, 0x0000000705c00000|100%| O|  |TAMS 0x0000000705c00000, 0x0000000705a00000| Untracked 
|   8|0x0000000705c00000, 0x0000000705e00000, 0x0000000705e00000|100%| O|  |TAMS 0x0000000705e00000, 0x0000000705c00000| Untracked 
|   9|0x0000000705e00000, 0x0000000706000000, 0x0000000706000000|100%| O|  |TAMS 0x0000000706000000, 0x0000000705e00000| Untracked 
|  10|0x0000000706000000, 0x0000000706200000, 0x0000000706200000|100%| O|  |TAMS 0x0000000706200000, 0x0000000706000000| Untracked 
|  11|0x0000000706200000, 0x0000000706400000, 0x0000000706400000|100%| O|  |TAMS 0x0000000706400000, 0x0000000706200000| Untracked 
|  12|0x0000000706400000, 0x0000000706600000, 0x0000000706600000|100%| O|  |TAMS 0x0000000706600000, 0x0000000706400000| Untracked 
|  13|0x0000000706600000, 0x0000000706800000, 0x0000000706800000|100%| O|  |TAMS 0x0000000706800000, 0x0000000706600000| Untracked 
|  14|0x0000000706800000, 0x0000000706a00000, 0x0000000706a00000|100%| O|  |TAMS 0x0000000706a00000, 0x0000000706800000| Untracked 
|  15|0x0000000706a00000, 0x0000000706c00000, 0x0000000706c00000|100%| O|  |TAMS 0x0000000706c00000, 0x0000000706a00000| Untracked 
|  16|0x0000000706c00000, 0x0000000706e00000, 0x0000000706e00000|100%| O|  |TAMS 0x0000000706e00000, 0x0000000706c00000| Untracked 
|  17|0x0000000706e00000, 0x0000000707000000, 0x0000000707000000|100%| O|  |TAMS 0x0000000707000000, 0x0000000706e00000| Untracked 
|  18|0x0000000707000000, 0x0000000707200000, 0x0000000707200000|100%| O|  |TAMS 0x0000000707200000, 0x0000000707000000| Untracked 
|  19|0x0000000707200000, 0x0000000707400000, 0x0000000707400000|100%| O|  |TAMS 0x0000000707400000, 0x0000000707200000| Untracked 
|  20|0x0000000707400000, 0x0000000707600000, 0x0000000707600000|100%| O|  |TAMS 0x0000000707600000, 0x0000000707400000| Untracked 
|  21|0x0000000707600000, 0x0000000707800000, 0x0000000707800000|100%| O|  |TAMS 0x0000000707800000, 0x0000000707600000| Untracked 
|  22|0x0000000707800000, 0x0000000707800000, 0x0000000707a00000|  0%| F|  |TAMS 0x0000000707800000, 0x0000000707800000| Untracked 
|  23|0x0000000707a00000, 0x0000000707a00000, 0x0000000707c00000|  0%| F|  |TAMS 0x0000000707a00000, 0x0000000707a00000| Untracked 
|  24|0x0000000707c00000, 0x0000000707c00000, 0x0000000707e00000|  0%| F|  |TAMS 0x0000000707c00000, 0x0000000707c00000| Untracked 
|  25|0x0000000707e00000, 0x0000000707e00000, 0x0000000708000000|  0%| F|  |TAMS 0x0000000707e00000, 0x0000000707e00000| Untracked 
|  26|0x0000000708000000, 0x0000000708000000, 0x0000000708200000|  0%| F|  |TAMS 0x0000000708000000, 0x0000000708000000| Untracked 
|  27|0x0000000708200000, 0x0000000708200000, 0x0000000708400000|  0%| F|  |TAMS 0x0000000708200000, 0x0000000708200000| Untracked 
|  28|0x0000000708400000, 0x0000000708400000, 0x0000000708600000|  0%| F|  |TAMS 0x0000000708400000, 0x0000000708400000| Untracked 
|  29|0x0000000708600000, 0x0000000708600000, 0x0000000708800000|  0%| F|  |TAMS 0x0000000708600000, 0x0000000708600000| Untracked 
|  30|0x0000000708800000, 0x0000000708a00000, 0x0000000708a00000|100%| O|  |TAMS 0x0000000708a00000, 0x0000000708800000| Untracked 
|  31|0x0000000708a00000, 0x0000000708c00000, 0x0000000708c00000|100%| O|  |TAMS 0x0000000708c00000, 0x0000000708a00000| Untracked 
|  32|0x0000000708c00000, 0x0000000708e00000, 0x0000000708e00000|100%| O|  |TAMS 0x0000000708e00000, 0x0000000708c00000| Untracked 
|  33|0x0000000708e00000, 0x0000000709000000, 0x0000000709000000|100%| O|  |TAMS 0x0000000709000000, 0x0000000708e00000| Untracked 
|  34|0x0000000709000000, 0x0000000709200000, 0x0000000709200000|100%| O|  |TAMS 0x0000000709200000, 0x0000000709000000| Untracked 
|  35|0x0000000709200000, 0x0000000709400000, 0x0000000709400000|100%| O|  |TAMS 0x0000000709400000, 0x0000000709200000| Untracked 
|  36|0x0000000709400000, 0x0000000709600000, 0x0000000709600000|100%| O|  |TAMS 0x0000000709600000, 0x0000000709400000| Untracked 
|  37|0x0000000709600000, 0x0000000709800000, 0x0000000709800000|100%| O|  |TAMS 0x0000000709800000, 0x0000000709600000| Untracked 
|  38|0x0000000709800000, 0x0000000709a00000, 0x0000000709a00000|100%| O|  |TAMS 0x0000000709a00000, 0x0000000709800000| Untracked 
|  39|0x0000000709a00000, 0x0000000709c00000, 0x0000000709c00000|100%| O|  |TAMS 0x0000000709c00000, 0x0000000709a00000| Untracked 
|  40|0x0000000709c00000, 0x0000000709e00000, 0x0000000709e00000|100%| O|  |TAMS 0x0000000709c00000, 0x0000000709c00000| Untracked 
|  41|0x0000000709e00000, 0x000000070a000000, 0x000000070a000000|100%| O|  |TAMS 0x0000000709e00000, 0x0000000709e00000| Untracked 
|  42|0x000000070a000000, 0x000000070a200000, 0x000000070a200000|100%| O|  |TAMS 0x000000070a000000, 0x000000070a000000| Untracked 
|  43|0x000000070a200000, 0x000000070a400000, 0x000000070a400000|100%| O|  |TAMS 0x000000070a200000, 0x000000070a200000| Untracked 
|  44|0x000000070a400000, 0x000000070a600000, 0x000000070a600000|100%| O|  |TAMS 0x000000070a400000, 0x000000070a400000| Untracked 
|  45|0x000000070a600000, 0x000000070a800000, 0x000000070a800000|100%| O|  |TAMS 0x000000070a600000, 0x000000070a600000| Untracked 
|  46|0x000000070a800000, 0x000000070aa00000, 0x000000070aa00000|100%| O|  |TAMS 0x000000070a800000, 0x000000070a800000| Untracked 
|  47|0x000000070aa00000, 0x000000070ac00000, 0x000000070ac00000|100%| O|  |TAMS 0x000000070aa00000, 0x000000070aa00000| Untracked 
|  48|0x000000070ac00000, 0x000000070ae00000, 0x000000070ae00000|100%| O|  |TAMS 0x000000070ac00000, 0x000000070ac00000| Untracked 
|  49|0x000000070ae00000, 0x000000070b000000, 0x000000070b000000|100%| O|  |TAMS 0x000000070ae00000, 0x000000070ae00000| Untracked 
|  50|0x000000070b000000, 0x000000070b200000, 0x000000070b200000|100%| O|  |TAMS 0x000000070b000000, 0x000000070b000000| Untracked 
|  51|0x000000070b200000, 0x000000070b22ee00, 0x000000070b400000|  9%| O|  |TAMS 0x000000070b200000, 0x000000070b200000| Untracked 
|  52|0x000000070b400000, 0x000000070b400000, 0x000000070b600000|  0%| F|  |TAMS 0x000000070b400000, 0x000000070b400000| Untracked 
|  53|0x000000070b600000, 0x000000070b600000, 0x000000070b800000|  0%| F|  |TAMS 0x000000070b600000, 0x000000070b600000| Untracked 
|  54|0x000000070b800000, 0x000000070b800000, 0x000000070ba00000|  0%| F|  |TAMS 0x000000070b800000, 0x000000070b800000| Untracked 
|  55|0x000000070ba00000, 0x000000070ba00000, 0x000000070bc00000|  0%| F|  |TAMS 0x000000070ba00000, 0x000000070ba00000| Untracked 
|  56|0x000000070bc00000, 0x000000070bc00000, 0x000000070be00000|  0%| F|  |TAMS 0x000000070bc00000, 0x000000070bc00000| Untracked 
|  57|0x000000070be00000, 0x000000070be00000, 0x000000070c000000|  0%| F|  |TAMS 0x000000070be00000, 0x000000070be00000| Untracked 
|  58|0x000000070c000000, 0x000000070c000000, 0x000000070c200000|  0%| F|  |TAMS 0x000000070c000000, 0x000000070c000000| Untracked 
|  59|0x000000070c200000, 0x000000070c200000, 0x000000070c400000|  0%| F|  |TAMS 0x000000070c200000, 0x000000070c200000| Untracked 
|  60|0x000000070c400000, 0x000000070c400000, 0x000000070c600000|  0%| F|  |TAMS 0x000000070c400000, 0x000000070c400000| Untracked 
|  61|0x000000070c600000, 0x000000070c600000, 0x000000070c800000|  0%| F|  |TAMS 0x000000070c600000, 0x000000070c600000| Untracked 
|  62|0x000000070c800000, 0x000000070c800000, 0x000000070ca00000|  0%| F|  |TAMS 0x000000070c800000, 0x000000070c800000| Untracked 
|  63|0x000000070ca00000, 0x000000070ca00000, 0x000000070cc00000|  0%| F|  |TAMS 0x000000070ca00000, 0x000000070ca00000| Untracked 
|  64|0x000000070cc00000, 0x000000070cc00000, 0x000000070ce00000|  0%| F|  |TAMS 0x000000070cc00000, 0x000000070cc00000| Untracked 
|  65|0x000000070ce00000, 0x000000070ce00000, 0x000000070d000000|  0%| F|  |TAMS 0x000000070ce00000, 0x000000070ce00000| Untracked 
|  66|0x000000070d000000, 0x000000070d000000, 0x000000070d200000|  0%| F|  |TAMS 0x000000070d000000, 0x000000070d000000| Untracked 
|  67|0x000000070d200000, 0x000000070d200000, 0x000000070d400000|  0%| F|  |TAMS 0x000000070d200000, 0x000000070d200000| Untracked 
|  68|0x000000070d400000, 0x000000070d400000, 0x000000070d600000|  0%| F|  |TAMS 0x000000070d400000, 0x000000070d400000| Untracked 
|  69|0x000000070d600000, 0x000000070d600000, 0x000000070d800000|  0%| F|  |TAMS 0x000000070d600000, 0x000000070d600000| Untracked 
|  70|0x000000070d800000, 0x000000070d800000, 0x000000070da00000|  0%| F|  |TAMS 0x000000070d800000, 0x000000070d800000| Untracked 
|  71|0x000000070da00000, 0x000000070da00000, 0x000000070dc00000|  0%| F|  |TAMS 0x000000070da00000, 0x000000070da00000| Untracked 
|  72|0x000000070dc00000, 0x000000070dc00000, 0x000000070de00000|  0%| F|  |TAMS 0x000000070dc00000, 0x000000070dc00000| Untracked 
|  73|0x000000070de00000, 0x000000070de00000, 0x000000070e000000|  0%| F|  |TAMS 0x000000070de00000, 0x000000070de00000| Untracked 
|  74|0x000000070e000000, 0x000000070e000000, 0x000000070e200000|  0%| F|  |TAMS 0x000000070e000000, 0x000000070e000000| Untracked 
|  75|0x000000070e200000, 0x000000070e200000, 0x000000070e400000|  0%| F|  |TAMS 0x000000070e200000, 0x000000070e200000| Untracked 
|  76|0x000000070e400000, 0x000000070e400000, 0x000000070e600000|  0%| F|  |TAMS 0x000000070e400000, 0x000000070e400000| Untracked 
|  77|0x000000070e600000, 0x000000070e600000, 0x000000070e800000|  0%| F|  |TAMS 0x000000070e600000, 0x000000070e600000| Untracked 
|  78|0x000000070e800000, 0x000000070e800000, 0x000000070ea00000|  0%| F|  |TAMS 0x000000070e800000, 0x000000070e800000| Untracked 
|  79|0x000000070ea00000, 0x000000070ea00000, 0x000000070ec00000|  0%| F|  |TAMS 0x000000070ea00000, 0x000000070ea00000| Untracked 
|  80|0x000000070ec00000, 0x000000070ec00000, 0x000000070ee00000|  0%| F|  |TAMS 0x000000070ec00000, 0x000000070ec00000| Untracked 
|  81|0x000000070ee00000, 0x000000070ee00000, 0x000000070f000000|  0%| F|  |TAMS 0x000000070ee00000, 0x000000070ee00000| Untracked 
|  82|0x000000070f000000, 0x000000070f000000, 0x000000070f200000|  0%| F|  |TAMS 0x000000070f000000, 0x000000070f000000| Untracked 
|  83|0x000000070f200000, 0x000000070f200000, 0x000000070f400000|  0%| F|  |TAMS 0x000000070f200000, 0x000000070f200000| Untracked 
|  84|0x000000070f400000, 0x000000070f400000, 0x000000070f600000|  0%| F|  |TAMS 0x000000070f400000, 0x000000070f400000| Untracked 
|  85|0x000000070f600000, 0x000000070f600000, 0x000000070f800000|  0%| F|  |TAMS 0x000000070f600000, 0x000000070f600000| Untracked 
|  86|0x000000070f800000, 0x000000070f800000, 0x000000070fa00000|  0%| F|  |TAMS 0x000000070f800000, 0x000000070f800000| Untracked 
|  87|0x000000070fa00000, 0x000000070fa00000, 0x000000070fc00000|  0%| F|  |TAMS 0x000000070fa00000, 0x000000070fa00000| Untracked 
|  88|0x000000070fc00000, 0x000000070fcaa8b0, 0x000000070fe00000| 33%| S|CS|TAMS 0x000000070fc00000, 0x000000070fc00000| Complete 
|  89|0x000000070fe00000, 0x000000070fe00000, 0x0000000710000000|  0%| F|  |TAMS 0x000000070fe00000, 0x000000070fe00000| Untracked 
|  90|0x0000000710000000, 0x0000000710000000, 0x0000000710200000|  0%| F|  |TAMS 0x0000000710000000, 0x0000000710000000| Untracked 
|  91|0x0000000710200000, 0x0000000710200000, 0x0000000710400000|  0%| F|  |TAMS 0x0000000710200000, 0x0000000710200000| Untracked 
|  92|0x0000000710400000, 0x0000000710400000, 0x0000000710600000|  0%| F|  |TAMS 0x0000000710400000, 0x0000000710400000| Untracked 
|  93|0x0000000710600000, 0x0000000710600000, 0x0000000710800000|  0%| F|  |TAMS 0x0000000710600000, 0x0000000710600000| Untracked 
|  94|0x0000000710800000, 0x0000000710800000, 0x0000000710a00000|  0%| F|  |TAMS 0x0000000710800000, 0x0000000710800000| Untracked 
|  95|0x0000000710a00000, 0x0000000710a00000, 0x0000000710c00000|  0%| F|  |TAMS 0x0000000710a00000, 0x0000000710a00000| Untracked 
|  96|0x0000000710c00000, 0x0000000710c00000, 0x0000000710e00000|  0%| F|  |TAMS 0x0000000710c00000, 0x0000000710c00000| Untracked 
|  97|0x0000000710e00000, 0x0000000710e00000, 0x0000000711000000|  0%| F|  |TAMS 0x0000000710e00000, 0x0000000710e00000| Untracked 
|  98|0x0000000711000000, 0x0000000711000000, 0x0000000711200000|  0%| F|  |TAMS 0x0000000711000000, 0x0000000711000000| Untracked 
|  99|0x0000000711200000, 0x0000000711200000, 0x0000000711400000|  0%| F|  |TAMS 0x0000000711200000, 0x0000000711200000| Untracked 
| 100|0x0000000711400000, 0x0000000711400000, 0x0000000711600000|  0%| F|  |TAMS 0x0000000711400000, 0x0000000711400000| Untracked 
| 101|0x0000000711600000, 0x0000000711600000, 0x0000000711800000|  0%| F|  |TAMS 0x0000000711600000, 0x0000000711600000| Untracked 
| 102|0x0000000711800000, 0x0000000711800000, 0x0000000711a00000|  0%| F|  |TAMS 0x0000000711800000, 0x0000000711800000| Untracked 
| 103|0x0000000711a00000, 0x0000000711a00000, 0x0000000711c00000|  0%| F|  |TAMS 0x0000000711a00000, 0x0000000711a00000| Untracked 
| 104|0x0000000711c00000, 0x0000000711c00000, 0x0000000711e00000|  0%| F|  |TAMS 0x0000000711c00000, 0x0000000711c00000| Untracked 
| 105|0x0000000711e00000, 0x0000000711e00000, 0x0000000712000000|  0%| F|  |TAMS 0x0000000711e00000, 0x0000000711e00000| Untracked 
| 106|0x0000000712000000, 0x0000000712000000, 0x0000000712200000|  0%| F|  |TAMS 0x0000000712000000, 0x0000000712000000| Untracked 
| 107|0x0000000712200000, 0x0000000712200000, 0x0000000712400000|  0%| F|  |TAMS 0x0000000712200000, 0x0000000712200000| Untracked 
| 108|0x0000000712400000, 0x0000000712400000, 0x0000000712600000|  0%| F|  |TAMS 0x0000000712400000, 0x0000000712400000| Untracked 
| 109|0x0000000712600000, 0x0000000712600000, 0x0000000712800000|  0%| F|  |TAMS 0x0000000712600000, 0x0000000712600000| Untracked 
| 110|0x0000000712800000, 0x0000000712800000, 0x0000000712a00000|  0%| F|  |TAMS 0x0000000712800000, 0x0000000712800000| Untracked 
| 111|0x0000000712a00000, 0x0000000712a00000, 0x0000000712c00000|  0%| F|  |TAMS 0x0000000712a00000, 0x0000000712a00000| Untracked 
| 112|0x0000000712c00000, 0x0000000712c00000, 0x0000000712e00000|  0%| F|  |TAMS 0x0000000712c00000, 0x0000000712c00000| Untracked 
| 113|0x0000000712e00000, 0x0000000712e00000, 0x0000000713000000|  0%| F|  |TAMS 0x0000000712e00000, 0x0000000712e00000| Untracked 
| 114|0x0000000713000000, 0x0000000713000000, 0x0000000713200000|  0%| F|  |TAMS 0x0000000713000000, 0x0000000713000000| Untracked 
| 115|0x0000000713200000, 0x0000000713200000, 0x0000000713400000|  0%| F|  |TAMS 0x0000000713200000, 0x0000000713200000| Untracked 
| 116|0x0000000713400000, 0x0000000713400000, 0x0000000713600000|  0%| F|  |TAMS 0x0000000713400000, 0x0000000713400000| Untracked 
| 117|0x0000000713600000, 0x0000000713600000, 0x0000000713800000|  0%| F|  |TAMS 0x0000000713600000, 0x0000000713600000| Untracked 
| 118|0x0000000713800000, 0x0000000713800000, 0x0000000713a00000|  0%| F|  |TAMS 0x0000000713800000, 0x0000000713800000| Untracked 
| 119|0x0000000713a00000, 0x0000000713a00000, 0x0000000713c00000|  0%| F|  |TAMS 0x0000000713a00000, 0x0000000713a00000| Untracked 
| 120|0x0000000713c00000, 0x0000000713c00000, 0x0000000713e00000|  0%| F|  |TAMS 0x0000000713c00000, 0x0000000713c00000| Untracked 
| 121|0x0000000713e00000, 0x0000000713e00000, 0x0000000714000000|  0%| F|  |TAMS 0x0000000713e00000, 0x0000000713e00000| Untracked 
| 122|0x0000000714000000, 0x0000000714000000, 0x0000000714200000|  0%| F|  |TAMS 0x0000000714000000, 0x0000000714000000| Untracked 
| 123|0x0000000714200000, 0x0000000714200000, 0x0000000714400000|  0%| F|  |TAMS 0x0000000714200000, 0x0000000714200000| Untracked 
| 124|0x0000000714400000, 0x0000000714400000, 0x0000000714600000|  0%| F|  |TAMS 0x0000000714400000, 0x0000000714400000| Untracked 
| 125|0x0000000714600000, 0x0000000714600000, 0x0000000714800000|  0%| F|  |TAMS 0x0000000714600000, 0x0000000714600000| Untracked 

Card table byte_map: [0x00000233a10d0000,0x00000233a18b0000] _byte_map_base: 0x000002339d8aa000

Marking Bits (Prev, Next): (CMBitMap*) 0x000002339590ce50, (CMBitMap*) 0x000002339590ce90
 Prev Bits: [0x00000233a2090000, 0x00000233a5f60000)
 Next Bits: [0x00000233a5f60000, 0x00000233a9e30000)

Polling page: 0x00000233937e0000

Metaspace:

Usage:
  Non-class:     66.88 MB used.
      Class:     10.53 MB used.
       Both:     77.41 MB used.

Virtual space:
  Non-class space:      128.00 MB reserved,      67.25 MB ( 53%) committed,  2 nodes.
      Class space:        1.00 GB reserved,      10.94 MB (  1%) committed,  1 nodes.
             Both:        1.12 GB reserved,      78.19 MB (  7%) committed. 

Chunk freelists:
   Non-Class:  387.00 KB
       Class:  1.04 MB
        Both:  1.42 MB

MaxMetaspaceSize: unlimited
CompressedClassSpaceSize: 1.00 GB
Initial GC threshold: 21.00 MB
Current GC threshold: 129.19 MB
CDS: on
MetaspaceReclaimPolicy: balanced
 - commit_granule_bytes: 65536.
 - commit_granule_words: 8192.
 - virtual_space_node_default_size: 8388608.
 - enlarge_chunks_in_place: 1.
 - new_chunks_are_fully_committed: 0.
 - uncommit_free_chunks: 1.
 - use_allocation_guard: 0.


Internal statistics:

num_allocs_failed_limit: 9.
num_arena_births: 1206.
num_arena_deaths: 0.
num_vsnodes_births: 3.
num_vsnodes_deaths: 0.
num_space_committed: 1251.
num_space_uncommitted: 0.
num_chunks_returned_to_freelist: 9.
num_chunks_taken_from_freelist: 3983.
num_chunk_merges: 9.
num_chunk_splits: 2983.
num_chunks_enlarged: 2474.
num_inconsistent_stats: 0.

CodeCache: size=49152Kb used=15650Kb max_used=15726Kb free=33501Kb
 bounds [0x000002339d7e0000, 0x000002339e740000, 0x00000233a07e0000]
 total_blobs=8852 nmethods=8106 adapters=668
 compilation: enabled
              stopped_count=0, restarted_count=0
 full_count=0

Compilation events (20 events):
Event: 11.724 Thread 0x00000233b0c18810 nmethod 8180 0x000002339de16610 code [0x000002339de167c0, 0x000002339de16968]
Event: 11.724 Thread 0x00000233b0da67d0 nmethod 8179 0x000002339e15c310 code [0x000002339e15c560, 0x000002339e15cda8]
Event: 11.726 Thread 0x00000233b0da67d0 8182       1       org.springframework.beans.factory.support.DefaultListableBeanFactory::resolveMultipleBeans (343 bytes)
Event: 11.727 Thread 0x00000233b0da67d0 nmethod 8182 0x000002339da5bc90 code [0x000002339da5c0a0, 0x000002339da5d708]
Event: 11.728 Thread 0x00000233b0da67d0 8183       1       java.lang.invoke.LambdaFormEditor::newSpeciesData (13 bytes)
Event: 11.728 Thread 0x00000233b16645e0 8184       1       java.lang.invoke.LambdaFormBuffer::renameParameter (29 bytes)
Event: 11.728 Thread 0x00000233b0da67d0 nmethod 8183 0x000002339da5b790 code [0x000002339da5b940, 0x000002339da5ba58]
Event: 11.728 Thread 0x00000233b16645e0 nmethod 8184 0x000002339de16310 code [0x000002339de164a0, 0x000002339de16588]
Event: 11.732 Thread 0x00000233b0c18810 8185       1       org.springframework.aop.framework.autoproxy.AbstractAutoProxyCreator::getCustomTargetSource (108 bytes)
Event: 11.733 Thread 0x00000233b0c18810 nmethod 8185 0x000002339e15bc90 code [0x000002339e15be80, 0x000002339e15c148]
Event: 11.733 Thread 0x00000233b16645e0 8186       1       java.lang.invoke.LambdaFormBuffer::clearDuplicatesAndNulls (268 bytes)
Event: 11.734 Thread 0x00000233b16645e0 nmethod 8186 0x000002339e15b210 code [0x000002339e15b420, 0x000002339e15b938]
Event: 11.737 Thread 0x00000233b0c18810 8187       1       org.springframework.beans.factory.config.DependencyDescriptor::<init> (83 bytes)
Event: 11.737 Thread 0x00000233b0da67d0 8188       1       org.springframework.beans.factory.InjectionPoint::<init> (47 bytes)
Event: 11.738 Thread 0x00000233b0da67d0 nmethod 8188 0x000002339e15ab90 code [0x000002339e15ad40, 0x000002339e15b008]
Event: 11.738 Thread 0x00000233b0c18810 nmethod 8187 0x000002339e0c9c10 code [0x000002339e0c9dc0, 0x000002339e0ca108]
Event: 11.738 Thread 0x00000233b0c18810 8190       1       java.lang.invoke.MethodType::canConvert (123 bytes)
Event: 11.739 Thread 0x00000233b0c18810 nmethod 8190 0x000002339e0c8f90 code [0x000002339e0c91e0, 0x000002339e0c9658]
Event: 11.739 Thread 0x00000233b0da67d0 8192       1       java.lang.invoke.LambdaForm::<init> (12 bytes)
Event: 11.739 Thread 0x00000233b0da67d0 nmethod 8192 0x000002339e0c8990 code [0x000002339e0c8b40, 0x000002339e0c8c28]

GC Heap History (20 events):
Event: 9.744 GC heap after
{Heap after GC invocations=19 (full 0):
 garbage-first heap   total 129024K, used 35646K [0x0000000704c00000, 0x0000000800000000)
  region size 2048K, 3 young (6144K), 3 survivors (6144K)
 Metaspace       used 69634K, committed 70272K, reserved 1114112K
  class space    used 9736K, committed 10048K, reserved 1048576K
}
Event: 10.294 GC heap before
{Heap before GC invocations=19 (full 0):
 garbage-first heap   total 129024K, used 101182K [0x0000000704c00000, 0x0000000800000000)
  region size 2048K, 36 young (73728K), 3 survivors (6144K)
 Metaspace       used 74499K, committed 75136K, reserved 1114112K
  class space    used 10140K, committed 10432K, reserved 1048576K
}
Event: 10.300 GC heap after
{Heap after GC invocations=20 (full 0):
 garbage-first heap   total 129024K, used 38159K [0x0000000704c00000, 0x0000000800000000)
  region size 2048K, 4 young (8192K), 4 survivors (8192K)
 Metaspace       used 74499K, committed 75136K, reserved 1114112K
  class space    used 10140K, committed 10432K, reserved 1048576K
}
Event: 10.781 GC heap before
{Heap before GC invocations=20 (full 0):
 garbage-first heap   total 129024K, used 103695K [0x0000000704c00000, 0x0000000800000000)
  region size 2048K, 36 young (73728K), 4 survivors (8192K)
 Metaspace       used 76981K, committed 77632K, reserved 1179648K
  class space    used 10454K, committed 10752K, reserved 1048576K
}
Event: 10.789 GC heap after
{Heap after GC invocations=21 (full 0):
 garbage-first heap   total 129024K, used 42284K [0x0000000704c00000, 0x0000000800000000)
  region size 2048K, 5 young (10240K), 5 survivors (10240K)
 Metaspace       used 76981K, committed 77632K, reserved 1179648K
  class space    used 10454K, committed 10752K, reserved 1048576K
}
Event: 11.051 GC heap before
{Heap before GC invocations=21 (full 0):
 garbage-first heap   total 129024K, used 101676K [0x0000000704c00000, 0x0000000800000000)
  region size 2048K, 34 young (69632K), 5 survivors (10240K)
 Metaspace       used 78268K, committed 79040K, reserved 1179648K
  class space    used 10611K, committed 11008K, reserved 1048576K
}
Event: 11.060 GC heap after
{Heap after GC invocations=22 (full 0):
 garbage-first heap   total 129024K, used 48858K [0x0000000704c00000, 0x0000000800000000)
  region size 2048K, 5 young (10240K), 5 survivors (10240K)
 Metaspace       used 78268K, committed 79040K, reserved 1179648K
  class space    used 10611K, committed 11008K, reserved 1048576K
}
Event: 11.175 GC heap before
{Heap before GC invocations=22 (full 0):
 garbage-first heap   total 129024K, used 100058K [0x0000000704c00000, 0x0000000800000000)
  region size 2048K, 31 young (63488K), 5 survivors (10240K)
 Metaspace       used 78369K, committed 79104K, reserved 1179648K
  class space    used 10625K, committed 11008K, reserved 1048576K
}
Event: 11.181 GC heap after
{Heap after GC invocations=23 (full 0):
 garbage-first heap   total 129024K, used 54394K [0x0000000704c00000, 0x0000000800000000)
  region size 2048K, 4 young (8192K), 4 survivors (8192K)
 Metaspace       used 78369K, committed 79104K, reserved 1179648K
  class space    used 10625K, committed 11008K, reserved 1048576K
}
Event: 11.250 GC heap before
{Heap before GC invocations=23 (full 0):
 garbage-first heap   total 129024K, used 95354K [0x0000000704c00000, 0x0000000800000000)
  region size 2048K, 25 young (51200K), 4 survivors (8192K)
 Metaspace       used 78369K, committed 79104K, reserved 1179648K
  class space    used 10625K, committed 11008K, reserved 1048576K
}
Event: 11.256 GC heap after
{Heap after GC invocations=24 (full 0):
 garbage-first heap   total 161792K, used 63031K [0x0000000704c00000, 0x0000000800000000)
  region size 2048K, 4 young (8192K), 4 survivors (8192K)
 Metaspace       used 78369K, committed 79104K, reserved 1179648K
  class space    used 10625K, committed 11008K, reserved 1048576K
}
Event: 11.350 GC heap before
{Heap before GC invocations=24 (full 0):
 garbage-first heap   total 161792K, used 118327K [0x0000000704c00000, 0x0000000800000000)
  region size 2048K, 32 young (65536K), 4 survivors (8192K)
 Metaspace       used 78387K, committed 79168K, reserved 1179648K
  class space    used 10630K, committed 11008K, reserved 1048576K
}
Event: 11.358 GC heap after
{Heap after GC invocations=25 (full 0):
 garbage-first heap   total 161792K, used 77533K [0x0000000704c00000, 0x0000000800000000)
  region size 2048K, 4 young (8192K), 4 survivors (8192K)
 Metaspace       used 78387K, committed 79168K, reserved 1179648K
  class space    used 10630K, committed 11008K, reserved 1048576K
}
Event: 11.429 GC heap before
{Heap before GC invocations=25 (full 0):
 garbage-first heap   total 161792K, used 120541K [0x0000000704c00000, 0x0000000800000000)
  region size 2048K, 26 young (53248K), 4 survivors (8192K)
 Metaspace       used 78387K, committed 79168K, reserved 1179648K
  class space    used 10630K, committed 11008K, reserved 1048576K
}
Event: 11.438 GC heap after
{Heap after GC invocations=26 (full 0):
 garbage-first heap   total 161792K, used 90112K [0x0000000704c00000, 0x0000000800000000)
  region size 2048K, 4 young (8192K), 4 survivors (8192K)
 Metaspace       used 78387K, committed 79168K, reserved 1179648K
  class space    used 10630K, committed 11008K, reserved 1048576K
}
Event: 11.487 GC heap before
{Heap before GC invocations=26 (full 0):
 garbage-first heap   total 161792K, used 122880K [0x0000000704c00000, 0x0000000800000000)
  region size 2048K, 21 young (43008K), 4 survivors (8192K)
 Metaspace       used 78387K, committed 79168K, reserved 1179648K
  class space    used 10630K, committed 11008K, reserved 1048576K
}
Event: 11.496 GC heap after
{Heap after GC invocations=27 (full 0):
 garbage-first heap   total 161792K, used 101790K [0x0000000704c00000, 0x0000000800000000)
  region size 2048K, 3 young (6144K), 3 survivors (6144K)
 Metaspace       used 78387K, committed 79168K, reserved 1179648K
  class space    used 10630K, committed 11008K, reserved 1048576K
}
Event: 11.695 GC heap before
{Heap before GC invocations=28 (full 0):
 garbage-first heap   total 188416K, used 126366K [0x0000000704c00000, 0x0000000800000000)
  region size 2048K, 15 young (30720K), 3 survivors (6144K)
 Metaspace       used 79124K, committed 79872K, reserved 1179648K
  class space    used 10751K, committed 11136K, reserved 1048576K
}
Event: 11.700 GC heap after
{Heap after GC invocations=29 (full 0):
 garbage-first heap   total 188416K, used 104147K [0x0000000704c00000, 0x0000000800000000)
  region size 2048K, 1 young (2048K), 1 survivors (2048K)
 Metaspace       used 79124K, committed 79872K, reserved 1179648K
  class space    used 10751K, committed 11136K, reserved 1048576K
}
Event: 11.742 GC heap before
{Heap before GC invocations=29 (full 0):
 garbage-first heap   total 188416K, used 110291K [0x0000000704c00000, 0x0000000800000000)
  region size 2048K, 4 young (8192K), 1 survivors (2048K)
 Metaspace       used 79266K, committed 80064K, reserved 1179648K
  class space    used 10777K, committed 11200K, reserved 1048576K
}

Dll operation events (11 events):
Event: 0.008 Loaded shared library C:\Program Files\Java\jdk-19\bin\java.dll
Event: 0.018 Loaded shared library C:\Program Files\Java\jdk-19\bin\jsvml.dll
Event: 0.120 Loaded shared library C:\Program Files\Java\jdk-19\bin\net.dll
Event: 0.122 Loaded shared library C:\Program Files\Java\jdk-19\bin\nio.dll
Event: 0.126 Loaded shared library C:\Program Files\Java\jdk-19\bin\zip.dll
Event: 0.204 Loaded shared library C:\Program Files\Java\jdk-19\bin\jimage.dll
Event: 1.399 Loaded shared library C:\Program Files\Java\jdk-19\bin\sunmscapi.dll
Event: 3.955 Loaded shared library C:\Program Files\Java\jdk-19\bin\management.dll
Event: 3.960 Loaded shared library C:\Program Files\Java\jdk-19\bin\management_ext.dll
Event: 4.549 Loaded shared library C:\Program Files\Java\jdk-19\bin\verify.dll
Event: 4.904 Loaded shared library C:\Program Files\Java\jdk-19\bin\extnet.dll

Deoptimization events (20 events):
Event: 3.668 Thread 0x000002339588f690 DEOPT PACKING pc=0x000002339e156f3c sp=0x0000007b1acfb980
Event: 3.668 Thread 0x000002339588f690 DEOPT UNPACKING pc=0x000002339d84b0e3 sp=0x0000007b1acfaeb8 mode 0
Event: 4.072 Thread 0x000002339588f690 DEOPT PACKING pc=0x000002339e1be625 sp=0x0000007b1acfc5f0
Event: 4.072 Thread 0x000002339588f690 DEOPT UNPACKING pc=0x000002339d84b0e3 sp=0x0000007b1acfbb58 mode 3
Event: 8.656 Thread 0x000002339588f690 DEOPT PACKING pc=0x000002339e0c5127 sp=0x0000007b1acfbb60
Event: 8.656 Thread 0x000002339588f690 DEOPT UNPACKING pc=0x000002339d84b0e3 sp=0x0000007b1acfb150 mode 0
Event: 8.656 Thread 0x000002339588f690 DEOPT PACKING pc=0x000002339e0c37b4 sp=0x0000007b1acfbd60
Event: 8.656 Thread 0x000002339588f690 DEOPT UNPACKING pc=0x000002339d84b0e3 sp=0x0000007b1acfb350 mode 0
Event: 8.656 Thread 0x000002339588f690 DEOPT PACKING pc=0x000002339e16de84 sp=0x0000007b1acfc0c0
Event: 8.656 Thread 0x000002339588f690 DEOPT UNPACKING pc=0x000002339d84b0e3 sp=0x0000007b1acfb668 mode 0
Event: 8.898 Thread 0x000002339588f690 DEOPT PACKING pc=0x000002339dde4254 sp=0x0000007b1acfcef0
Event: 8.898 Thread 0x000002339588f690 DEOPT UNPACKING pc=0x000002339d84b0e3 sp=0x0000007b1acfc448 mode 0
Event: 9.054 Thread 0x000002339588f690 DEOPT PACKING pc=0x000002339de004f2 sp=0x0000007b1acfd1d0
Event: 9.054 Thread 0x000002339588f690 DEOPT UNPACKING pc=0x000002339d84b0e3 sp=0x0000007b1acfc6d8 mode 3
Event: 9.054 Thread 0x000002339588f690 DEOPT PACKING pc=0x000002339dd9d894 sp=0x0000007b1acfd190
Event: 9.054 Thread 0x000002339588f690 DEOPT UNPACKING pc=0x000002339d84b0e3 sp=0x0000007b1acfc6d8 mode 3
Event: 9.854 Thread 0x000002339588f690 DEOPT PACKING pc=0x000002339e062619 sp=0x0000007b1acfbeb0
Event: 9.854 Thread 0x000002339588f690 DEOPT UNPACKING pc=0x000002339d84b0e3 sp=0x0000007b1acfb390 mode 3
Event: 10.978 Thread 0x000002339588f690 DEOPT PACKING pc=0x000002339e63de93 sp=0x0000007b1acfd4e0
Event: 10.978 Thread 0x000002339588f690 DEOPT UNPACKING pc=0x000002339d84b0e3 sp=0x0000007b1acfca28 mode 3

Classes loaded (20 events):
Event: 10.950 Loading class java/lang/LayerInstantiationException
Event: 10.950 Loading class java/lang/LayerInstantiationException done
Event: 10.950 Loading class jdk/internal/loader/Loader
Event: 10.950 Loading class jdk/internal/loader/Loader done
Event: 10.958 Loading class java/io/IOError
Event: 10.958 Loading class java/io/IOError done
Event: 10.969 Loading class java/util/AbstractMap$SimpleEntry
Event: 10.969 Loading class java/util/AbstractMap$SimpleEntry done
Event: 10.991 Loading class sun/nio/fs/WindowsLinkSupport
Event: 10.991 Loading class sun/nio/fs/WindowsLinkSupport done
Event: 11.007 Loading class java/nio/channels/spi/AbstractInterruptibleChannel$1
Event: 11.007 Loading class sun/nio/ch/Interruptible
Event: 11.007 Loading class sun/nio/ch/Interruptible done
Event: 11.007 Loading class java/nio/channels/spi/AbstractInterruptibleChannel$1 done
Event: 11.008 Loading class java/nio/ReadOnlyBufferException
Event: 11.009 Loading class java/nio/ReadOnlyBufferException done
Event: 11.011 Loading class java/util/zip/DataFormatException
Event: 11.011 Loading class java/util/zip/DataFormatException done
Event: 11.130 Loading class java/util/concurrent/atomic/Striped64$Cell
Event: 11.130 Loading class java/util/concurrent/atomic/Striped64$Cell done

Classes unloaded (0 events):
No events

Classes redefined (0 events):
No events

Internal exceptions (20 events):
Event: 11.399 Thread 0x00000233b370eae0 Exception <a 'sun/nio/fs/WindowsException'{0x000000070d948e80}> (0x000000070d948e80) 
thrown [s\open\src\hotspot\share\prims\jni.cpp, line 517]
Event: 11.399 Thread 0x00000233b370eae0 Exception <a 'sun/nio/fs/WindowsException'{0x000000070d9490f0}> (0x000000070d9490f0) 
thrown [s\open\src\hotspot\share\prims\jni.cpp, line 517]
Event: 11.399 Thread 0x00000233b370eae0 Exception <a 'sun/nio/fs/WindowsException'{0x000000070d949988}> (0x000000070d949988) 
thrown [s\open\src\hotspot\share\prims\jni.cpp, line 517]
Event: 11.400 Thread 0x00000233b370eae0 Exception <a 'sun/nio/fs/WindowsException'{0x000000070d949bc8}> (0x000000070d949bc8) 
thrown [s\open\src\hotspot\share\prims\jni.cpp, line 517]
Event: 11.404 Thread 0x00000233b370eae0 Exception <a 'sun/nio/fs/WindowsException'{0x000000070d94a468}> (0x000000070d94a468) 
thrown [s\open\src\hotspot\share\prims\jni.cpp, line 517]
Event: 11.404 Thread 0x00000233b370eae0 Exception <a 'sun/nio/fs/WindowsException'{0x000000070d94a6c0}> (0x000000070d94a6c0) 
thrown [s\open\src\hotspot\share\prims\jni.cpp, line 517]
Event: 11.404 Thread 0x00000233b370eae0 Exception <a 'sun/nio/fs/WindowsException'{0x000000070d94af60}> (0x000000070d94af60) 
thrown [s\open\src\hotspot\share\prims\jni.cpp, line 517]
Event: 11.404 Thread 0x00000233b370eae0 Exception <a 'sun/nio/fs/WindowsException'{0x000000070d94b1a0}> (0x000000070d94b1a0) 
thrown [s\open\src\hotspot\share\prims\jni.cpp, line 517]
Event: 11.404 Thread 0x00000233b370eae0 Exception <a 'sun/nio/fs/WindowsException'{0x000000070d94ba40}> (0x000000070d94ba40) 
thrown [s\open\src\hotspot\share\prims\jni.cpp, line 517]
Event: 11.404 Thread 0x00000233b370eae0 Exception <a 'sun/nio/fs/WindowsException'{0x000000070d94bc98}> (0x000000070d94bc98) 
thrown [s\open\src\hotspot\share\prims\jni.cpp, line 517]
Event: 11.404 Thread 0x00000233b370eae0 Exception <a 'sun/nio/fs/WindowsException'{0x000000070d94c560}> (0x000000070d94c560) 
thrown [s\open\src\hotspot\share\prims\jni.cpp, line 517]
Event: 11.404 Thread 0x00000233b370eae0 Exception <a 'sun/nio/fs/WindowsException'{0x000000070d94c7d0}> (0x000000070d94c7d0) 
thrown [s\open\src\hotspot\share\prims\jni.cpp, line 517]
Event: 11.404 Thread 0x00000233b370eae0 Exception <a 'sun/nio/fs/WindowsException'{0x000000070d94d0b0}> (0x000000070d94d0b0) 
thrown [s\open\src\hotspot\share\prims\jni.cpp, line 517]
Event: 11.404 Thread 0x00000233b370eae0 Exception <a 'sun/nio/fs/WindowsException'{0x000000070d94d340}> (0x000000070d94d340) 
thrown [s\open\src\hotspot\share\prims\jni.cpp, line 517]
Event: 11.404 Thread 0x00000233b370eae0 Exception <a 'sun/nio/fs/WindowsException'{0x000000070d94dc08}> (0x000000070d94dc08) 
thrown [s\open\src\hotspot\share\prims\jni.cpp, line 517]
Event: 11.404 Thread 0x00000233b370eae0 Exception <a 'sun/nio/fs/WindowsException'{0x000000070d94de90}> (0x000000070d94de90) 
thrown [s\open\src\hotspot\share\prims\jni.cpp, line 517]
Event: 11.541 Thread 0x000002339588f690 Exception <a 'java/lang/NoSuchMethodError'{0x000000070e4a9d88}: 'void java.lang.invoke.DirectMethodHandle$Holder.invokeVirtual(java.lang.Object, java.lang.Object, long)'> (0x000000070e4a9d88) 
thrown [s\open\src\hotspot\share\interpreter\linkResolver.cpp, line 774]
Event: 11.668 Thread 0x000002339588f690 Exception <a 'java/lang/NoSuchMethodError'{0x000000070f76bec8}: 'java.lang.Object java.lang.invoke.DirectMethodHandle$Holder.invokeVirtual(java.lang.Object, java.lang.Object, java.lang.Object, java.lang.Object, java.lang.Object, java.lang.Object, java.lang.Object, java.lang.Object, java.lang.Object)'> (0x000000070f76bec8) 
thrown [s\open\src\hotspot\share\interpreter\linkResolver.cpp, line 774]
Event: 11.720 Thread 0x000002339588f690 Exception <a 'java/lang/NoSuchMethodError'{0x00000007100dbd08}: 'java.lang.Object java.lang.invoke.DirectMethodHandle$Holder.invokeVirtual(java.lang.Object, java.lang.Object, java.lang.Object, java.lang.Object, java.lang.Object, java.lang.Object, java.lang.Object, java.lang.Object, java.lang.Object, java.lang.Object)'> (0x00000007100dbd08) 
thrown [s\open\src\hotspot\share\interpreter\linkResolver.cpp, line 774]
Event: 11.738 Thread 0x000002339588f690 Exception <a 'java/lang/NoSuchMethodError'{0x000000070ff73fa0}: 'java.lang.Object java.lang.invoke.DirectMethodHandle$Holder.invokeVirtual(java.lang.Object, java.lang.Object, java.lang.Object, java.lang.Object, java.lang.Object, java.lang.Object, java.lang.Object, java.lang.Object, java.lang.Object, java.lang.Object, java.lang.Object, java.lang.Object)'> (0x000000070ff73fa0) 
thrown [s\open\src\hotspot\share\interpreter\linkResolver.cpp, line 774]

VM Operations (20 events):
Event: 11.182 Executing VM operation: G1CollectForAllocation done
Event: 11.250 Executing VM operation: G1CollectForAllocation
Event: 11.258 Executing VM operation: G1CollectForAllocation done
Event: 11.350 Executing VM operation: G1CollectForAllocation
Event: 11.358 Executing VM operation: G1CollectForAllocation done
Event: 11.429 Executing VM operation: G1CollectForAllocation
Event: 11.439 Executing VM operation: G1CollectForAllocation done
Event: 11.487 Executing VM operation: G1CollectForAllocation
Event: 11.496 Executing VM operation: G1CollectForAllocation done
Event: 11.561 Executing VM operation: G1PauseRemark
Event: 11.564 Executing VM operation: G1PauseRemark done
Event: 11.579 Executing VM operation: HandshakeAllThreads
Event: 11.579 Executing VM operation: HandshakeAllThreads done
Event: 11.579 Executing VM operation: HandshakeAllThreads
Event: 11.579 Executing VM operation: HandshakeAllThreads done
Event: 11.591 Executing VM operation: G1PauseCleanup
Event: 11.591 Executing VM operation: G1PauseCleanup done
Event: 11.695 Executing VM operation: G1CollectForAllocation
Event: 11.700 Executing VM operation: G1CollectForAllocation done
Event: 11.742 Executing VM operation: G1CollectForAllocation

Events (20 events):
Event: 11.584 Thread 0x00000233b0c45d70 flushing nmethod 0x000002339df55b90
Event: 11.584 Thread 0x00000233b0c45d70 flushing nmethod 0x000002339df56790
Event: 11.584 Thread 0x00000233b0c45d70 flushing nmethod 0x000002339df6a790
Event: 11.584 Thread 0x00000233b0c45d70 flushing nmethod 0x000002339df90890
Event: 11.584 Thread 0x00000233b0c45d70 flushing nmethod 0x000002339e026a10
Event: 11.584 Thread 0x00000233b0c45d70 flushing nmethod 0x000002339e066e10
Event: 11.584 Thread 0x00000233b0c45d70 flushing nmethod 0x000002339e0b3810
Event: 11.584 Thread 0x00000233b0c45d70 flushing nmethod 0x000002339e0c1010
Event: 11.584 Thread 0x00000233b0c45d70 flushing nmethod 0x000002339e0c7390
Event: 11.584 Thread 0x00000233b0c45d70 flushing nmethod 0x000002339e0cc110
Event: 11.584 Thread 0x00000233b0c45d70 flushing nmethod 0x000002339e0dec10
Event: 11.584 Thread 0x00000233b0c45d70 flushing nmethod 0x000002339e109290
Event: 11.584 Thread 0x00000233b0c45d70 flushing nmethod 0x000002339e10a910
Event: 11.584 Thread 0x00000233b0c45d70 flushing nmethod 0x000002339e10f690
Event: 11.584 Thread 0x00000233b0c45d70 flushing nmethod 0x000002339e112210
Event: 11.585 Thread 0x00000233b0c45d70 flushing nmethod 0x000002339e124010
Event: 11.585 Thread 0x00000233b0c45d70 flushing nmethod 0x000002339e137810
Event: 11.585 Thread 0x00000233b0c45d70 flushing nmethod 0x000002339e147390
Event: 11.585 Thread 0x00000233b0c45d70 flushing nmethod 0x000002339e156690
Event: 11.585 Thread 0x00000233b0c45d70 flushing nmethod 0x000002339e15ab90


Dynamic libraries:
0x00007ff7be690000 - 0x00007ff7be6a0000 	C:\Program Files\Java\jdk-19\bin\java.exe
0x00007ffdb1f40000 - 0x00007ffdb21a8000 	C:\WINDOWS\SYSTEM32\ntdll.dll
0x00007ffdb0db0000 - 0x00007ffdb0e79000 	C:\WINDOWS\System32\KERNEL32.DLL
0x00007ffdaf700000 - 0x00007ffdafaf8000 	C:\WINDOWS\System32\KERNELBASE.dll
0x00007ffdaf5b0000 - 0x00007ffdaf6fb000 	C:\WINDOWS\System32\ucrtbase.dll
0x00007ffd9f0a0000 - 0x00007ffd9f0bb000 	C:\Program Files\Java\jdk-19\bin\VCRUNTIME140.dll
0x00007ffd9a3e0000 - 0x00007ffd9a3f8000 	C:\Program Files\Java\jdk-19\bin\jli.dll
0x00007ffdb1d00000 - 0x00007ffdb1db4000 	C:\WINDOWS\System32\ADVAPI32.dll
0x00007ffdb1bc0000 - 0x00007ffdb1c69000 	C:\WINDOWS\System32\msvcrt.dll
0x00007ffdb0a40000 - 0x00007ffdb0ae6000 	C:\WINDOWS\System32\sechost.dll
0x00007ffdb0560000 - 0x00007ffdb0678000 	C:\WINDOWS\System32\RPCRT4.dll
0x00007ffdb1770000 - 0x00007ffdb1937000 	C:\WINDOWS\System32\USER32.dll
0x00007ffd933c0000 - 0x00007ffd93654000 	C:\WINDOWS\WinSxS\amd64_microsoft.windows.common-controls_6595b64144ccf1df_6.0.26100.7019_none_3e06ffa0e335b8a8\COMCTL32.dll
0x00007ffdaf2d0000 - 0x00007ffdaf2f7000 	C:\WINDOWS\System32\win32u.dll
0x00007ffdafce0000 - 0x00007ffdafd0b000 	C:\WINDOWS\System32\GDI32.dll
0x00007ffdafbb0000 - 0x00007ffdafcdc000 	C:\WINDOWS\System32\gdi32full.dll
0x00007ffdafb00000 - 0x00007ffdafba3000 	C:\WINDOWS\System32\msvcp_win.dll
0x00007ffd9efa0000 - 0x00007ffd9efab000 	C:\WINDOWS\SYSTEM32\VERSION.dll
0x00007ffdb0b90000 - 0x00007ffdb0bc1000 	C:\WINDOWS\System32\IMM32.DLL
0x00007ffd9b800000 - 0x00007ffd9b80c000 	C:\Program Files\Java\jdk-19\bin\vcruntime140_1.dll
0x00007ffd72870000 - 0x00007ffd728fe000 	C:\Program Files\Java\jdk-19\bin\msvcp140.dll
0x00007ffcfef70000 - 0x00007ffcffc30000 	C:\Program Files\Java\jdk-19\bin\server\jvm.dll
0x00007ffd96c40000 - 0x00007ffd96c75000 	C:\WINDOWS\SYSTEM32\WINMM.dll
0x00007ffd85a30000 - 0x00007ffd85a3a000 	C:\WINDOWS\SYSTEM32\WSOCK32.dll
0x00007ffdb0b00000 - 0x00007ffdb0b74000 	C:\WINDOWS\System32\WS2_32.dll
0x00007ffdade50000 - 0x00007ffdade6b000 	C:\WINDOWS\SYSTEM32\kernel.appcore.dll
0x00007ffd9ef90000 - 0x00007ffd9ef9a000 	C:\Program Files\Java\jdk-19\bin\jimage.dll
0x00007ffdac790000 - 0x00007ffdac9d2000 	C:\WINDOWS\SYSTEM32\DBGHELP.DLL
0x00007ffdb06b0000 - 0x00007ffdb0a3b000 	C:\WINDOWS\System32\combase.dll
0x00007ffdb1480000 - 0x00007ffdb1557000 	C:\WINDOWS\System32\OLEAUT32.dll
0x00007ffd8ed50000 - 0x00007ffd8ed8c000 	C:\WINDOWS\SYSTEM32\dbgcore.DLL
0x00007ffdaf390000 - 0x00007ffdaf435000 	C:\WINDOWS\System32\bcryptPrimitives.dll
0x00007ffd9dbc0000 - 0x00007ffd9dbe6000 	C:\Program Files\Java\jdk-19\bin\java.dll
0x00007ffd91610000 - 0x00007ffd916e7000 	C:\Program Files\Java\jdk-19\bin\jsvml.dll
0x00007ffdafd10000 - 0x00007ffdb045f000 	C:\WINDOWS\System32\SHELL32.dll
0x00007ffdaf440000 - 0x00007ffdaf5ab000 	C:\WINDOWS\System32\wintypes.dll
0x00007ffdacc80000 - 0x00007ffdad4dd000 	C:\WINDOWS\SYSTEM32\windows.storage.dll
0x00007ffdb1ac0000 - 0x00007ffdb1bb2000 	C:\WINDOWS\System32\SHCORE.dll
0x00007ffdb0e80000 - 0x00007ffdb0ee7000 	C:\WINDOWS\System32\shlwapi.dll
0x00007ffdaefb0000 - 0x00007ffdaefd9000 	C:\WINDOWS\SYSTEM32\profapi.dll
0x00007ffd991e0000 - 0x00007ffd991f3000 	C:\Program Files\Java\jdk-19\bin\net.dll
0x00007ffd9e9f0000 - 0x00007ffd9eb18000 	C:\WINDOWS\SYSTEM32\WINHTTP.dll
0x00007ffdae3c0000 - 0x00007ffdae42b000 	C:\WINDOWS\system32\mswsock.dll
0x00007ffd991c0000 - 0x00007ffd991d6000 	C:\Program Files\Java\jdk-19\bin\nio.dll
0x00007ffd9a3c0000 - 0x00007ffd9a3d8000 	C:\Program Files\Java\jdk-19\bin\zip.dll
0x00007ffd96270000 - 0x00007ffd9627e000 	C:\Program Files\Java\jdk-19\bin\sunmscapi.dll
0x00007ffdaf090000 - 0x00007ffdaf207000 	C:\WINDOWS\System32\CRYPT32.dll
0x00007ffdae8a0000 - 0x00007ffdae8d0000 	C:\WINDOWS\SYSTEM32\ncrypt.dll
0x00007ffdae850000 - 0x00007ffdae88f000 	C:\WINDOWS\SYSTEM32\NTASN1.dll
0x00007ffdae680000 - 0x00007ffdae69b000 	C:\WINDOWS\SYSTEM32\CRYPTSP.dll
0x00007ffdaddb0000 - 0x00007ffdaddea000 	C:\WINDOWS\system32\rsaenh.dll
0x00007ffdae470000 - 0x00007ffdae49b000 	C:\WINDOWS\SYSTEM32\USERENV.dll
0x00007ffdaef80000 - 0x00007ffdaefaa000 	C:\WINDOWS\SYSTEM32\bcrypt.dll
0x00007ffdae6a0000 - 0x00007ffdae6ac000 	C:\WINDOWS\SYSTEM32\CRYPTBASE.dll
0x00007ffdad8c0000 - 0x00007ffdad8f4000 	C:\WINDOWS\SYSTEM32\IPHLPAPI.DLL
0x00007ffdb0af0000 - 0x00007ffdb0afa000 	C:\WINDOWS\System32\NSI.dll
0x00007ffda3b10000 - 0x00007ffda3b2e000 	C:\WINDOWS\SYSTEM32\dhcpcsvc6.DLL
0x00007ffda3ae0000 - 0x00007ffda3b03000 	C:\WINDOWS\SYSTEM32\dhcpcsvc.DLL
0x00007ffdad900000 - 0x00007ffdada2c000 	C:\WINDOWS\SYSTEM32\DNSAPI.dll
0x00007ffd9b750000 - 0x00007ffd9b75a000 	C:\Program Files\Java\jdk-19\bin\management.dll
0x00007ffd9b740000 - 0x00007ffd9b74b000 	C:\Program Files\Java\jdk-19\bin\management_ext.dll
0x00007ffdb1560000 - 0x00007ffdb1568000 	C:\WINDOWS\System32\PSAPI.DLL
0x00007ffd9e120000 - 0x00007ffd9e130000 	C:\Program Files\Java\jdk-19\bin\verify.dll
0x00007ffda3540000 - 0x00007ffda354b000 	C:\Windows\System32\rasadhlp.dll
0x00007ffda5be0000 - 0x00007ffda5c66000 	C:\WINDOWS\System32\fwpuclnt.dll
0x00007ffd96260000 - 0x00007ffd96268000 	C:\Program Files\Java\jdk-19\bin\extnet.dll

dbghelp: loaded successfully - version: 4.0.5 - missing functions: none
symbol engine: initialized successfully - sym options: 0x614 - pdb path: .;C:\Program Files\Java\jdk-19\bin;C:\WINDOWS\SYSTEM32;C:\WINDOWS\WinSxS\amd64_microsoft.windows.common-controls_6595b64144ccf1df_6.0.26100.7019_none_3e06ffa0e335b8a8;C:\Program Files\Java\jdk-19\bin\server

VM Arguments:
jvm_args: -XX:TieredStopAtLevel=1 
java_command: com.bleizing.pos.PosApplication
java_class_path (initial): D:\Dimas\Projects\POS\pos\target\classes;C:\Users\hand_\.m2\repository\org\springframework\boot\spring-boot\3.3.0\spring-boot-3.3.0.jar;C:\Users\hand_\.m2\repository\org\springframework\boot\spring-boot-autoconfigure\3.3.0\spring-boot-autoconfigure-3.3.0.jar;C:\Users\hand_\.m2\repository\ch\qos\logback\logback-classic\1.5.6\logback-classic-1.5.6.jar;C:\Users\hand_\.m2\repository\ch\qos\logback\logback-core\1.5.6\logback-core-1.5.6.jar;C:\Users\hand_\.m2\repository\org\apache\logging\log4j\log4j-to-slf4j\2.23.1\log4j-to-slf4j-2.23.1.jar;C:\Users\hand_\.m2\repository\org\apache\logging\log4j\log4j-api\2.23.1\log4j-api-2.23.1.jar;C:\Users\hand_\.m2\repository\org\slf4j\jul-to-slf4j\2.0.13\jul-to-slf4j-2.0.13.jar;C:\Users\hand_\.m2\repository\jakarta\annotation\jakarta.annotation-api\2.1.1\jakarta.annotation-api-2.1.1.jar;C:\Users\hand_\.m2\repository\org\yaml\snakeyaml\2.2\snakeyaml-2.2.jar;C:\Users\hand_\.m2\repository\com\fasterxml\jackson\datatype\jackson-datatype-jdk8\2.17.1\jackson-datatype-jdk8-2.17.1.jar;C:\Users\hand_\.m2\repository\com\fasterxml\jackson\datatype\jackson-datatype-jsr310\2.17.1\jackson-datatype-jsr310-2.17.1.jar;C:\Users\hand_\.m2\repository\com\fasterxml\jackson\module\jackson-module-parameter-names\2.17.1\jackson-module-parameter-names-2.17.1.jar;C:\Users\hand_\.m2\repository\org\apache\tomcat\embed\tomcat-embed-core\10.1.24\tomcat-embed-core-10.1.24.jar;C:\Users\hand_\.m2\repository\org\apache\tomcat\embed\tomcat-embed-websocket\10.1.24\tomcat-embed-websocket-10.1.24.jar;C:\Users\hand_\.m2\repository\org\springframework\spring-web\6.1.8\spring-web-6.1.8.jar;C:\Users\hand_\.m2\repository\org\springframework\spring-beans\6.1.8\spring-beans-6.1.8.jar;C:\Users\hand_\.m2\repository\io\micrometer\micrometer-observation\1.13.0\micrometer-observation-1.13.0.jar;C:\Users\hand_\.m2\repository\io\micrometer\micrometer-commons\1.13.0\micrometer-commons-1.13.0.jar;C:\Users\hand_\.m2\repository\org\springframework\spring-webmvc\6.1.8\spring-webmvc-6.1.8.jar;C:\Users\hand_\.m2\repository\org\springframework\spring-context\6.1.8\spring-context-6.1.8.jar;C:\Users\hand_\.m2\repository\org\springframework\spring-expression\6.1.8\spring-expression-6.1.8.jar;C:\Users\hand_\.m2\repository\com\zaxxer\HikariCP\5.1.0\HikariCP-5.1.0.jar;C:\Users\hand_\.m2\repository\org\springframework\spring-jdbc\6.1.8\spring-jdbc-6.1.8.jar;C:\Users\hand_\.m2\repository\org\hibernate\orm\hibernate-core\6.5.2.Final\hibernate-core-6.5.2.Final.jar;C:\Users\hand_\.m2\repository\jakarta\persistence\jakarta.persistence-api\3.1.0\jakarta.persistence-api-3.1.0.jar;C:\Users\hand_\.m2\repository\jakarta\transaction\jakarta.transaction-api\2.0.1\jakarta.transaction-api-2.0.1.jar;C:\Users\hand_\.m2\repository\org\jboss\logging\jboss-logging\3.5.3.Final\jboss-logging-3.5.3.Final.jar;C:\Users\hand_\.m2\repository\org\hibernate\common\hibernate-commons-annotations\6.0.6.Final\hibernate-commons-annotations-6.0.6.Final.jar;C:\Users\hand_\.m2\repository\io\smallrye\jandex\3.1.2\jandex-3.1.2.jar;C:\Users\hand_\.m2\repository\com\fasterxml\classmate\1.7.0\classmate-1.7.0.jar;C:\Users\hand_\.m2\repository\net\bytebuddy\byte-buddy\1.14.16\byte-buddy-1.14.16.jar;C:\Users\hand_\.m2\repository\org\glassfish\jaxb\jaxb-runtime\4.0.5\jaxb-runtime-4.0.5.jar;C:\Users\hand_\.m2\repository\org\glassfish\jaxb\jaxb-core\4.0.5\jaxb-core-4.0.5.jar;C:\Users\hand_\.m2\repository\org\eclipse\angus\angus-activation\2.0.2\angus-activation-2.0.2.jar;C:\Users\hand_\.m2\repository\org\glassfish\jaxb\txw2\4.0.5\txw2-4.0.5.jar;C:\Users\hand_\.m2\repository\com\sun\istack\istack-commons-runtime\4.1.2\istack-commons-runtime-4.1.2.jar;C:\Users\hand_\.m2\repository\jakarta\inject\jakarta.inject-api\2.0.1\jakarta.inject-api-2.0.1.jar;C:\Users\hand_\.m2\repository\org\antlr\antlr4-runtime\4.13.0\antlr4-runtime-4.13.0.jar;C:\Users\hand_\.m2\repository\org\springframework\data\spring-data-jpa\3.3.0\spring-data-jpa-3.3.0.jar;C:\Users\hand_\.m2\repository\org\springframework\data\spring-data-commons\3.3.0\spring-data-commons-3.3.0.jar;C:\Users\hand_\.m2\repository\org\springframework\spring-orm\6.1.8\spring-orm-6.1.8.jar;C:\Users\hand_\.m2\repository\org\springframework\spring-tx\6.1.8\spring-tx-6.1.8.jar;C:\Users\hand_\.m2\repository\org\slf4j\slf4j-api\2.0.13\slf4j-api-2.0.13.jar;C:\Users\hand_\.m2\repository\org\springframework\spring-aspects\6.1.8\spring-aspects-6.1.8.jar;C:\Users\hand_\.m2\repository\jakarta\xml\bind\jakarta.xml.bind-api\4.0.2\jakarta.xml.bind-api-4.0.2.jar;C:\Users\hand_\.m2\repository\jakarta\activation\jakarta.activation-api\2.1.3\jakarta.activation-api-2.1.3.jar;C:\Users\hand_\.m2\repository\org\springframework\spring-core\6.1.8\spring-core-6.1.8.jar;C:\Users\hand_\.m2\repository\org\springframework\spring-jcl\6.1.8\spring-jcl-6.1.8.jar;C:\Users\hand_\.m2\repository\org\postgresql\postgresql\42.7.3\postgresql-42.7.3.jar;C:\Users\hand_\.m2\repository\org\checkerframework\checker-qual\3.42.0\checker-qual-3.42.0.jar;C:\Users\hand_\.m2\repository\org\projectlombok\lombok\1.18.30\lombok-1.18.30.jar;C:\Users\hand_\.m2\repository\org\springdoc\springdoc-openapi-starter-webmvc-ui\2.0.2\springdoc-openapi-starter-webmvc-ui-2.0.2.jar;C:\Users\hand_\.m2\repository\org\springdoc\springdoc-openapi-starter-webmvc-api\2.0.2\springdoc-openapi-starter-webmvc-api-2.0.2.jar;C:\Users\hand_\.m2\repository\org\springdoc\springdoc-openapi-starter-common\2.0.2\springdoc-openapi-starter-common-2.0.2.jar;C:\Users\hand_\.m2\repository\io\swagger\core\v3\swagger-core-jakarta\2.2.7\swagger-core-jakarta-2.2.7.jar;C:\Users\hand_\.m2\repository\org\apache\commons\commons-lang3\3.14.0\commons-lang3-3.14.0.jar;C:\Users\hand_\.m2\repository\io\swagger\core\v3\swagger-annotations-jakarta\2.2.7\swagger-annotations-jakarta-2.2.7.jar;C:\Users\hand_\.m2\repository\io\swagger\core\v3\swagger-models-jakarta\2.2.7\swagger-models-jakarta-2.2.7.jar;C:\Users\hand_\.m2\repository\com\fasterxml\jackson\dataformat\jackson-dataformat-yaml\2.17.1\jackson-dataformat-yaml-2.17.1.jar;C:\Users\hand_\.m2\repository\org\webjars\swagger-ui\4.15.5\swagger-ui-4.15.5.jar;C:\Users\hand_\.m2\repository\org\webjars\webjars-locator-core\0.58\webjars-locator-core-0.58.jar;C:\Users\hand_\.m2\repository\io\github\classgraph\classgraph\4.8.149\classgraph-4.8.149.jar;C:\Users\hand_\.m2\repository\io\jsonwebtoken\jjwt-api\0.12.5\jjwt-api-0.12.5.jar;C:\Users\hand_\.m2\repository\io\jsonwebtoken\jjwt-impl\0.12.5\jjwt-impl-0.12.5.jar;C:\Users\hand_\.m2\repository\io\jsonwebtoken\jjwt-jackson\0.12.5\jjwt-jackson-0.12.5.jar;C:\Users\hand_\.m2\repository\com\fasterxml\jackson\core\jackson-databind\2.17.1\jackson-databind-2.17.1.jar;C:\Users\hand_\.m2\repository\software\amazon\awssdk\s3\2.29.0\s3-2.29.0.jar;C:\Users\hand_\.m2\repository\software\amazon\awssdk\aws-xml-protocol\2.29.0\aws-xml-protocol-2.29.0.jar;C:\Users\hand_\.m2\repository\software\amazon\awssdk\aws-query-protocol\2.29.0\aws-query-protocol-2.29.0.jar;C:\Users\hand_\.m2\repository\software\amazon\awssdk\protocol-core\2.29.0\protocol-core-2.29.0.jar;C:\Users\hand_\.m2\repository\software\amazon\awssdk\arns\2.29.0\arns-2.29.0.jar;C:\Users\hand_\.m2\repository\software\amazon\awssdk\profiles\2.29.0\profiles-2.29.0.jar;C:\Users\hand_\.m2\repository\software\amazon\awssdk\crt-core\2.29.0\crt-core-2.29.0.jar;C:\Users\hand_\.m2\repository\software\amazon\awssdk\http-auth\2.29.0\http-auth-2.29.0.jar;C:\Users\hand_\.m2\repository\software\amazon\awssdk\identity-spi\2.29.0\identity-spi-2.29.0.jar;C:\Users\hand_\.m2\repository\software\amazon\awssdk\http-auth-spi\2.29.0\http-auth-spi-2.29.0.jar;C:\Users\hand_\.m2\repository\org\reactivestreams\reactive-streams\1.0.4\reactive-streams-1.0.4.jar;C:\Users\hand_\.m2\repository\software\amazon\awssdk\http-auth-aws\2.29.0\http-auth-aws-2.29.0.jar;C:\Users\hand_\.m2\repository\software\amazon\awssdk\checksums\2.29.0\checksums-2.29.0.jar;C:\Users\hand_\.m2\repository\software\amazon\awssdk\checksums-spi\2.29.0\checksums-spi-2.29.0.jar;C:\Users\hand_\.m2\repository\software\amazon\awssdk\retries-spi\2.29.0\retries-spi-2.29.0.jar;C:\Users\hand_\.m2\repository\software\amazon\awssdk\sdk-core\2.29.0\sdk-core-2.29.0.jar;C:\Users\hand_\.m2\repository\software\amazon\awssdk\retries\2.29.0\retries-2.29.0.jar;C:\Users\hand_\.m2\repository\software\amazon\awssdk\auth\2.29.0\auth-2.29.0.jar;C:\Users\hand_\.m2\repository\software\amazon\awssdk\http-auth-aws-eventstream\2.29.0\http-auth-aws-eventstream-2.29.0.jar;C:\Users\hand_\.m2\repository\software\amazon\eventstream\eventstream\1.0.1\eventstream-1.0.1.jar;C:\Users\hand_\.m2\repository\software\amazon\awssdk\http-client-spi\2.29.0\http-client-spi-2.29.0.jar;C:\Users\hand_\.m2\repository\software\amazon\awssdk\regions\2.29.0\regions-2.29.0.jar;C:\Users\hand_\.m2\repository\software\amazon\awssdk\annotations\2.29.0\annotations-2.29.0.jar;C:\Users\hand_\.m2\repository\software\amazon\awssdk\utils\2.29.0\utils-2.29.0.jar;C:\Users\hand_\.m2\repository\software\amazon\awssdk\aws-core\2.29.0\aws-core-2.29.0.jar;C:\Users\hand_\.m2\repository\software\amazon\awssdk\metrics-spi\2.29.0\metrics-spi-2.29.0.jar;C:\Users\hand_\.m2\repository\software\amazon\awssdk\json-utils\2.29.0\json-utils-2.29.0.jar;C:\Users\hand_\.m2\repository\software\amazon\awssdk\third-party-jackson-core\2.29.0\third-party-jackson-core-2.29.0.jar;C:\Users\hand_\.m2\repository\software\amazon\awssdk\endpoints-spi\2.29.0\endpoints-spi-2.29.0.jar;C:\Users\hand_\.m2\repository\software\amazon\awssdk\apache-client\2.29.0\apache-client-2.29.0.jar;C:\Users\hand_\.m2\repository\org\apache\httpcomponents\httpclient\4.5.13\httpclient-4.5.13.jar;C:\Users\hand_\.m2\repository\commons-logging\commons-logging\1.2\commons-logging-1.2.jar;C:\Users\hand_\.m2\repository\org\apache\httpcomponents\httpcore\4.4.16\httpcore-4.4.16.jar;C:\Users\hand_\.m2\repository\commons-codec\commons-codec\1.16.1\commons-codec-1.16.1.jar;C:\Users\hand_\.m2\repository\software\amazon\awssdk\netty-nio-client\2.29.0\netty-nio-client-2.29.0.jar;C:\Users\hand_\.m2\repository\io\netty\netty-codec-http\4.1.110.Final\netty-codec-http-4.1.110.Final.jar;C:\Users\hand_\.m2\repository\io\netty\netty-codec-http2\4.1.110.Final\netty-codec-http2-4.1.110.Final.jar;C:\Users\hand_\.m2\repository\io\netty\netty-codec\4.1.110.Final\netty-codec-4.1.110.Final.jar;C:\Users\hand_\.m2\repository\io\netty\netty-transport\4.1.110.Final\netty-transport-4.1.110.Final.jar;C:\Users\hand_\.m2\repository\io\netty\netty-common\4.1.110.Final\netty-common-4.1.110.Final.jar;C:\Users\hand_\.m2\repository\io\netty\netty-buffer\4.1.110.Final\netty-buffer-4.1.110.Final.jar;C:\Users\hand_\.m2\repository\io\netty\netty-handler\4.1.110.Final\netty-handler-4.1.110.Final.jar;C:\Users\hand_\.m2\repository\io\netty\netty-transport-native-unix-common\4.1.110.Final\netty-transport-native-unix-common-4.1.110.Final.jar;C:\Users\hand_\.m2\repository\io\netty\netty-transport-classes-epoll\4.1.110.Final\netty-transport-classes-epoll-4.1.110.Final.jar;C:\Users\hand_\.m2\repository\io\netty\netty-resolver\4.1.110.Final\netty-resolver-4.1.110.Final.jar;C:\Users\hand_\.m2\repository\org\apache\tomcat\embed\tomcat-embed-el\10.1.24\tomcat-embed-el-10.1.24.jar;C:\Users\hand_\.m2\repository\org\hibernate\validator\hibernate-validator\8.0.1.Final\hibernate-validator-8.0.1.Final.jar;C:\Users\hand_\.m2\repository\jakarta\validation\jakarta.validation-api\3.0.2\jakarta.validation-api-3.0.2.jar;C:\Users\hand_\.m2\repository\org\springframework\spring-aop\6.1.8\spring-aop-6.1.8.jar;C:\Users\hand_\.m2\repository\org\aspectj\aspectjweaver\1.9.22\aspectjweaver-1.9.22.jar;C:\Users\hand_\.m2\repository\io\minio\minio\8.5.2\minio-8.5.2.jar;C:\Users\hand_\.m2\repository\com\carrotsearch\thirdparty\simple-xml-safe\2.7.1\simple-xml-safe-2.7.1.jar;C:\Users\hand_\.m2\repository\com\google\guava\guava\30.1.1-jre\guava-30.1.1-jre.jar;C:\Users\hand_\.m2\repository\com\google\guava\failureaccess\1.0.1\failureaccess-1.0.1.jar;C:\Users\hand_\.m2\repository\com\google\guava\listenablefuture\9999.0-empty-to-avoid-conflict-with-guava\listenablefuture-9999.0-empty-to-avoid-conflict-with-guava.jar;C:\Users\hand_\.m2\repository\com\google\code\findbugs\jsr305\3.0.2\jsr305-3.0.2.jar;C:\Users\hand_\.m2\repository\com\google\errorprone\error_prone_annotations\2.5.1\error_prone_annotations-2.5.1.jar;C:\Users\hand_\.m2\repository\com\google\j2objc\j2objc-annotations\1.3\j2objc-annotations-1.3.jar;C:\Users\hand_\.m2\repository\com\squareup\okhttp3\okhttp\4.12.0\okhttp-4.12.0.jar;C:\Users\hand_\.m2\repository\com\squareup\okio\okio\3.6.0\okio-3.6.0.jar;C:\Users\hand_\.m2\repository\com\squareup\okio\okio-jvm\3.6.0\okio-jvm-3.6.0.jar;C:\Users\hand_\.m2\repository\org\jetbrains\kotlin\kotlin-stdlib-common\1.9.24\kotlin-stdlib-common-1.9.24.jar;C:\Users\hand_\.m2\repository\org\jetbrains\kotlin\kotlin-stdlib-jdk8\1.9.24\kotlin-stdlib-jdk8-1.9.24.jar;C:\Users\hand_\.m2\repository\org\jetbrains\kotlin\kotlin-stdlib\1.9.24\kotlin-stdlib-1.9.24.jar;C:\Users\hand_\.m2\repository\org\jetbrains\annotations\13.0\annotations-13.0.jar;C:\Users\hand_\.m2\repository\org\jetbrains\kotlin\kotlin-stdlib-jdk7\1.9.24\kotlin-stdlib-jdk7-1.9.24.jar;C:\Users\hand_\.m2\repository\com\fasterxml\jackson\core\jackson-annotations\2.17.1\jackson-annotations-2.17.1.jar;C:\Users\hand_\.m2\repository\com\fasterxml\jackson\core\jackson-core\2.17.1\jackson-core-2.17.1.jar;C:\Users\hand_\.m2\repository\org\bouncycastle\bcprov-jdk15on\1.69\bcprov-jdk15on-1.69.jar;C:\Users\hand_\.m2\repository\org\apache\commons\commons-compress\1.21\commons-compress-1.21.jar;C:\Users\hand_\.m2\repository\org\xerial\snappy\snappy-java\1.1.8.4\snappy-java-1.1.8.4.jar;C:\Users\hand_\.m2\repository\io\lettuce\lettuce-core\6.3.2.RELEASE\lettuce-core-6.3.2.RELEASE.jar;C:\Users\hand_\.m2\repository\io\projectreactor\reactor-core\3.6.6\reactor-core-3.6.6.jar;C:\Users\hand_\.m2\repository\org\springframework\data\spring-data-redis\3.3.0\spring-data-redis-3.3.0.jar;C:\Users\hand_\.m2\repository\org\springframework\data\spring-data-keyvalue\3.3.0\spring-data-keyvalue-3.3.0.jar;C:\Users\hand_\.m2\repository\org\springframework\spring-oxm\6.1.8\spring-oxm-6.1.8.jar;C:\Users\hand_\.m2\repository\org\springframework\spring-context-support\6.1.8\spring-context-support-6.1.8.jar
Launcher Type: SUN_STANDARD

[Global flags]
     intx CICompilerCount                          = 4                                         {product} {ergonomic}
     uint ConcGCThreads                            = 2                                         {product} {ergonomic}
     uint G1ConcRefinementThreads                  = 8                                         {product} {ergonomic}
   size_t G1HeapRegionSize                         = 2097152                                   {product} {ergonomic}
    uintx GCDrainStackTargetSize                   = 64                                        {product} {ergonomic}
   size_t InitialHeapSize                          = 264241152                                 {product} {ergonomic}
   size_t MarkStackSize                            = 4194304                                   {product} {ergonomic}
   size_t MaxHeapSize                              = 4215275520                                {product} {ergonomic}
   size_t MaxNewSize                               = 2529165312                                {product} {ergonomic}
   size_t MinHeapDeltaBytes                        = 2097152                                   {product} {ergonomic}
   size_t MinHeapSize                              = 8388608                                   {product} {ergonomic}
    uintx NonProfiledCodeHeapSize                  = 0                                      {pd product} {ergonomic}
     bool ProfileInterpreter                       = false                                  {pd product} {command line}
    uintx ProfiledCodeHeapSize                     = 0                                      {pd product} {ergonomic}
   size_t SoftMaxHeapSize                          = 4215275520                             {manageable} {ergonomic}
     intx TieredStopAtLevel                        = 1                                         {product} {command line}
     bool UseCompressedClassPointers               = true                           {product lp64_product} {ergonomic}
     bool UseCompressedOops                        = true                           {product lp64_product} {ergonomic}
     bool UseG1GC                                  = true                                      {product} {ergonomic}
     bool UseLargePagesIndividualAllocation        = false                                  {pd product} {ergonomic}

Logging:
Log output configuration:
 #0: stdout all=warning uptime,level,tags foldmultilines=false
 #1: stderr all=off uptime,level,tags foldmultilines=false

Environment Variables:
PATH=C:/Program Files/Java/jdk-19/bin/server;C:/Program Files/Java/jdk-19/bin;C:\Program Files\Eclipse Adoptium\jdk-17.0.5.8-hotspot\bin;C:\Program Files\Common Files\Oracle\Java\javapath;C:\WINDOWS\system32;C:\WINDOWS;C:\WINDOWS\System32\Wbem;C:\WINDOWS\System32\WindowsPowerShell\v1.0\;C:\WINDOWS\System32\OpenSSH\;C:\Program Files (x86)\Microsoft SQL Server\160\DTS\Binn\;C:\Program Files\Azure Data Studio\bin;C:\Program Files\Git\cmd;C:\Program Files\Docker\Docker\resources\bin;C:\Program Files\PuTTY\;C:\Program Files\MySQL\MySQL Shell 8.0\bin\;C:\Users\hand_\AppData\Local\Microsoft\WindowsApps;C:\Users\hand_\AppData\Local\Programs\Microsoft VS Code\bin;C:\Program Files\Azure Data Studio\bin;C:\Users\hand_\AppData\Local\GitHubDesktop\bin;C:\Users\hand_\AppData\Local\Programs\mongosh\;C:\Users\hand_\OneDrive\Desktop;
USERNAME=hand_
OS=Windows_NT
PROCESSOR_IDENTIFIER=Intel64 Family 6 Model 140 Stepping 1, GenuineIntel
TMP=C:\Users\hand_\AppData\Local\Temp
TEMP=C:\Users\hand_\AppData\Local\Temp



---------------  S Y S T E M  ---------------

OS:
 Windows 11 , 64 bit Build 26100 (10.0.26100.7019)
OS uptime: 28 days 10:42 hours
Hyper-V role detected

CPU: total 8 (initial active 8) (4 cores per cpu, 2 threads per core) family 6 model 140 stepping 1 microcode 0x9a, cx8, cmov, fxsr, ht, mmx, 3dnowpref, sse, sse2, sse3, ssse3, sse4.1, sse4.2, popcnt, lzcnt, tsc, tscinvbit, avx, avx2, aes, erms, clmul, bmi1, bmi2, adx, avx512f, avx512dq, avx512cd, avx512bw, avx512vl, sha, fma, vzeroupper, avx512_vpopcntdq, avx512_vpclmulqdq, avx512_vaes, avx512_vnni, clflush, clflushopt, clwb, avx512_vbmi2, avx512_vbmi, hv, rdtscp, rdpid, fsrm, gfni, avx512_bitalg

Memory: 4k page, system-wide physical 16078M (680M free)
TotalPageFile size 34963M (AvailPageFile size 57M)
current process WorkingSet (physical memory assigned to process): 359M, peak: 359M
current process commit charge ("private bytes"): 482M, peak: 582M

vm_info: Java HotSpot(TM) 64-Bit Server VM (19.0.1+10-21) for windows-amd64 JRE (19.0.1+10-21), built on 2022-09-14T12:45:06Z by "mach5one" with MS VC++ 17.1 (VS2022)

END.
